DEBUG:qdarkstyle:Reading QSS file in: :qdarkstyle\dark\darkstyle.qss
INFO:qdarkstyle:QSS file successfully loaded.
DEBUG:qdarkstyle:Checking patches for being applied.
INFO:qdarkstyle:Found version patches to be applied.
INFO:qdarkstyle:Found application patches to be applied.
DEBUG:__main__: testing: get Pressure

INFO:__main__:testing: get All temps 

DEBUG:__main__:Setting Ar to 100 sccm... received 
INFO:__main__:Setting Ar to initial flow: 100 sccm
DEBUG:__main__:Setting Ar to 100 sccm... received 
INFO:__main__:Setting Ar to initial flow: 100 sccm
DEBUG:__main__:Setting Ar to 100 sccm... received 
INFO:__main__:Setting Ar to initial flow: 100 sccm
DEBUG:__main__:Setting Ar to 100 sccm... received 
INFO:__main__:Setting Ar to initial flow: 100 sccm
DEBUG:__main__:Setting Ar to 100 sccm... received 
INFO:__main__:Setting Ar to initial flow: 100 sccm
DEBUG:__main__:Setting Ar to 1000 sccm... received 
INFO:__main__:Setting Ar to 1000 sccm
INFO:__main__:Setting all gas flows to 0
DEBUG:__main__:Setting N2 to 0 sccm... received 
DEBUG:__main__:Setting Ar to 0 sccm... received 
DEBUG:__main__:Setting O2 to 0 sccm... received 
DEBUG:__main__:Setting FG to 0 sccm... received 
DEBUG:__main__:Setting H2S to 0 sccm... received 
DEBUG:__main__:Setting H2Se to 0 sccm... received 
DEBUG:__main__:Setting Ar to 0 sccm... received 
DEBUG:__main__: testing: get Pressure

INFO:__main__:testing: get All temps 

DEBUG:__main__:Setting zone 1 setpoint 1 to 300...
DEBUG:__main__:Setting zone 1 segment time 1 to 20...
DEBUG:__main__:Setting zone 2 setpoint 1 to 300...
DEBUG:__main__:Setting zone 2 segment time 1 to 20...
DEBUG:__main__:Setting zone 3 setpoint 1 to 300...
DEBUG:__main__:Setting zone 3 segment time 1 to 20...
DEBUG:__main__:Setting zone 1 setpoint 2 to 300...
DEBUG:__main__:Setting zone 1 segment time 2 to 20...
DEBUG:__main__:Setting zone 2 setpoint 2 to 300...
DEBUG:__main__:Setting zone 2 segment time 2 to 20...
DEBUG:__main__:Setting zone 3 setpoint 2 to 300...
DEBUG:__main__:Setting zone 3 segment time 2 to 20...
DEBUG:__main__:Setting zone 1 setpoint 3 to 300...
DEBUG:__main__:Setting zone 1 segment time 3 to 20...
DEBUG:__main__:Setting zone 2 setpoint 3 to 300...
DEBUG:__main__:Setting zone 2 segment time 3 to 20...
DEBUG:__main__:Setting zone 3 setpoint 3 to 300...
DEBUG:__main__:Setting zone 3 segment time 3 to 20...
DEBUG:__main__:Setting zone 1 setpoint 4 to 300...
DEBUG:__main__:Setting zone 1 segment time 4 to 20...
DEBUG:__main__:Setting zone 2 setpoint 4 to 300...
DEBUG:__main__:Setting zone 2 segment time 4 to 20...
DEBUG:__main__:Setting zone 3 setpoint 4 to 300...
DEBUG:__main__:Setting zone 3 segment time 4 to 20...
DEBUG:__main__:Setting zone 1 setpoint 5 to 25...
DEBUG:__main__:Setting zone 1 segment time 5 to 0...
DEBUG:__main__:Setting zone 2 setpoint 5 to 25...
DEBUG:__main__:Setting zone 2 segment time 5 to 0...
DEBUG:__main__:Setting zone 3 setpoint 5 to 25...
DEBUG:__main__:Setting zone 3 segment time 5 to 0...
DEBUG:__main__:Setting zone 1 setpoint 6 to 25...
DEBUG:__main__:Setting zone 1 segment time 6 to 0...
DEBUG:__main__:Setting zone 2 setpoint 6 to 25...
DEBUG:__main__:Setting zone 2 segment time 6 to 0...
DEBUG:__main__:Setting zone 3 setpoint 6 to 25...
DEBUG:__main__:Setting zone 3 segment time 6 to 0...
DEBUG:__main__:Setting zone 1 setpoint 7 to 25...
DEBUG:__main__:Setting zone 1 segment time 7 to 0...
DEBUG:__main__:Setting zone 2 setpoint 7 to 25...
DEBUG:__main__:Setting zone 2 segment time 7 to 0...
DEBUG:__main__:Setting zone 3 setpoint 7 to 25...
DEBUG:__main__:Setting zone 3 segment time 7 to 0...
DEBUG:__main__:Setting zone 1 setpoint 8 to 25...
DEBUG:__main__:Setting zone 1 segment time 8 to 0...
DEBUG:__main__:Setting zone 2 setpoint 8 to 25...
DEBUG:__main__:Setting zone 2 segment time 8 to 0...
DEBUG:__main__:Setting zone 3 setpoint 8 to 25...
DEBUG:__main__:Setting zone 3 segment time 8 to 0...
DEBUG:__main__:Setting zone 1 setpoint 9 to 25...
DEBUG:__main__:Setting zone 1 segment time 9 to 0...
DEBUG:__main__:Setting zone 2 setpoint 9 to 25...
DEBUG:__main__:Setting zone 2 segment time 9 to 0...
DEBUG:__main__:Setting zone 3 setpoint 9 to 25...
DEBUG:__main__:Setting zone 3 segment time 9 to 0...
DEBUG:__main__:Setting zone 1 to mode 1...
DEBUG:__main__:Setting zone 2 to mode 1...
DEBUG:__main__:Setting zone 3 to mode 1...
DEBUG:__main__:Setting Ar to 75 sccm... received 
DEBUG:__main__:Setting H2S to 0 sccm... received 
INFO:__main__:Setting Ar flow to 75 and H2S flow to 0 sccm. Waiting for 20 min
DEBUG:__main__: testing: get Pressure

INFO:__main__:testing: get All temps 

DEBUG:__main__: testing: get Pressure

INFO:__main__:testing: get All temps 

